cons1 bought Tea(name='Linden', price=9, type='Herbal')
