{Coffee(name='Indonezia', price=1, acidity=5.05, roast_level='MEDIUM'): 0}
0
{Coffee(name='Indonezia', price=1, acidity=5.05, roast_level='MEDIUM'): 0}
0
{Coffee(name='Indonezia', price=1, acidity=5.05, roast_level='MEDIUM'): 0}
0
cons1 bought Coffee(name='Indonezia', price=1, acidity=5.05, roast_level='MEDIUM')
cons1 bought Coffee(name='Indonezia', price=1, acidity=5.05, roast_level='MEDIUM')
cons1 bought Coffee(name='Indonezia', price=1, acidity=5.05, roast_level='MEDIUM')
{Coffee(name='Indonezia', price=1, acidity=5.05, roast_level='MEDIUM'): 0}
0
{Coffee(name='Indonezia', price=1, acidity=5.05, roast_level='MEDIUM'): 0}
0
{Coffee(name='Indonezia', price=1, acidity=5.05, roast_level='MEDIUM'): 0}
0
{Coffee(name='Indonezia', price=1, acidity=5.05, roast_level='MEDIUM'): 0}
0
{Coffee(name='Indonezia', price=1, acidity=5.05, roast_level='MEDIUM'): 0}
0
{Coffee(name='Indonezia', price=1, acidity=5.05, roast_level='MEDIUM'): 0}
0
{Coffee(name='Indonezia', price=1, acidity=5.05, roast_level='MEDIUM'): 0}
0
{Coffee(name='Indonezia', price=1, acidity=5.05, roast_level='MEDIUM'): 0}
0
cons4 bought Coffee(name='Indonezia', price=1, acidity=5.05, roast_level='MEDIUM')
cons4 bought Coffee(name='Indonezia', price=1, acidity=5.05, roast_level='MEDIUM')
{Coffee(name='Indonezia', price=1, acidity=5.05, roast_level='MEDIUM'): 0}
0
{Coffee(name='Indonezia', price=1, acidity=5.05, roast_level='MEDIUM'): 0}
0
{Coffee(name='Indonezia', price=1, acidity=5.05, roast_level='MEDIUM'): 0}
0
{Coffee(name='Indonezia', price=1, acidity=5.05, roast_level='MEDIUM'): 0}
0
0
cons3 bought Coffee(name='Indonezia', price=1, acidity=5.05, roast_level='MEDIUM')
cons3 bought Coffee(name='Indonezia', price=1, acidity=5.05, roast_level='MEDIUM')
cons3 bought Coffee(name='Indonezia', price=1, acidity=5.05, roast_level='MEDIUM')
0
0
0
{Coffee(name='Indonezia', price=1, acidity=5.05, roast_level='MEDIUM'): 0}
0
cons2 bought Coffee(name='Indonezia', price=1, acidity=5.05, roast_level='MEDIUM')
cons2 bought Coffee(name='Indonezia', price=1, acidity=5.05, roast_level='MEDIUM')
cons2 bought Coffee(name='Indonezia', price=1, acidity=5.05, roast_level='MEDIUM')
cons2 bought Coffee(name='Indonezia', price=1, acidity=5.05, roast_level='MEDIUM')
cons2 bought Coffee(name='Indonezia', price=1, acidity=5.05, roast_level='MEDIUM')
{Coffee(name='Indonezia', price=1, acidity=5.05, roast_level='MEDIUM'): 0}
0
{Coffee(name='Indonezia', price=1, acidity=5.05, roast_level='MEDIUM'): 0}
0
0
0
0
cons5 bought Coffee(name='Indonezia', price=1, acidity=5.05, roast_level='MEDIUM')
cons5 bought Coffee(name='Indonezia', price=1, acidity=5.05, roast_level='MEDIUM')
0
0
0
{Coffee(name='Indonezia', price=1, acidity=5.05, roast_level='MEDIUM'): 0}
0
{Coffee(name='Indonezia', price=1, acidity=5.05, roast_level='MEDIUM'): 0}
0
0
0
0
0
0
{Coffee(name='Indonezia', price=1, acidity=5.05, roast_level='MEDIUM'): 0}
0
0
0
0
0
cons1 bought Coffee(name='Indonezia', price=1, acidity=5.05, roast_level='MEDIUM')
cons1 bought Coffee(name='Indonezia', price=1, acidity=5.05, roast_level='MEDIUM')
cons1 bought Coffee(name='Indonezia', price=1, acidity=5.05, roast_level='MEDIUM')
cons1 bought Coffee(name='Indonezia', price=1, acidity=5.05, roast_level='MEDIUM')
cons1 bought Coffee(name='Indonezia', price=1, acidity=5.05, roast_level='MEDIUM')
