{Coffee(name='Brasil', price=7, acidity=5.09, roast_level='MEDIUM'): 0}
{Coffee(name='Brasil', price=7, acidity=5.09, roast_level='MEDIUM'): 0, Tea(name='Wild Cherry', price=5, type='Black'): 1}
{Coffee(name='Brasil', price=7, acidity=5.09, roast_level='MEDIUM'): 0, Tea(name='Wild Cherry', price=5, type='Black'): 2}
{Coffee(name='Brasil', price=7, acidity=5.09, roast_level='MEDIUM'): 3, Tea(name='Wild Cherry', price=5, type='Black'): 2}
{Coffee(name='Brasil', price=7, acidity=5.09, roast_level='MEDIUM'): 3, Tea(name='Wild Cherry', price=5, type='Black'): 4}
4
4
4
3
cons4 bought Coffee(name='Brasil', price=7, acidity=5.09, roast_level='MEDIUM')
{Coffee(name='Brasil', price=7, acidity=5.09, roast_level='MEDIUM'): 3, Tea(name='Wild Cherry', price=5, type='Black'): 1}
{Coffee(name='Brasil', price=7, acidity=5.09, roast_level='MEDIUM'): 0, Tea(name='Wild Cherry', price=5, type='Black'): 1}
1
1
1
cons5 bought Tea(name='Wild Cherry', price=5, type='Black')
{Coffee(name='Brasil', price=7, acidity=5.09, roast_level='MEDIUM'): 0, Tea(name='Wild Cherry', price=5, type='Black'): 4}
{Coffee(name='Brasil', price=7, acidity=5.09, roast_level='MEDIUM'): 0, Tea(name='Wild Cherry', price=5, type='Black'): 4, Coffee(name='Indonezia', price=1, acidity=5.05, roast_level='MEDIUM'): 1}
1
{Coffee(name='Brasil', price=7, acidity=5.09, roast_level='MEDIUM'): 0, Tea(name='Wild Cherry', price=5, type='Black'): 4, Coffee(name='Indonezia', price=1, acidity=5.05, roast_level='MEDIUM'): 1}
{Coffee(name='Brasil', price=7, acidity=5.09, roast_level='MEDIUM'): 0, Tea(name='Wild Cherry', price=5, type='Black'): 2, Coffee(name='Indonezia', price=1, acidity=5.05, roast_level='MEDIUM'): 1}
2
2
2
cons2 bought Tea(name='Wild Cherry', price=5, type='Black')
cons2 bought Tea(name='Wild Cherry', price=5, type='Black')
cons2 bought Tea(name='Wild Cherry', price=5, type='Black')
cons2 bought Tea(name='Wild Cherry', price=5, type='Black')
0
0
{Coffee(name='Brasil', price=7, acidity=5.09, roast_level='MEDIUM'): 0, Tea(name='Wild Cherry', price=5, type='Black'): 2, Coffee(name='Indonezia', price=1, acidity=5.05, roast_level='MEDIUM'): 4}
{Coffee(name='Brasil', price=7, acidity=5.09, roast_level='MEDIUM'): 0, Tea(name='Wild Cherry', price=5, type='Black'): 2, Coffee(name='Indonezia', price=1, acidity=5.05, roast_level='MEDIUM'): 0}
0
cons4 bought Coffee(name='Indonezia', price=1, acidity=5.05, roast_level='MEDIUM')
0
{Coffee(name='Brasil', price=7, acidity=5.09, roast_level='MEDIUM'): 0, Tea(name='Wild Cherry', price=5, type='Black'): 3, Coffee(name='Indonezia', price=1, acidity=5.05, roast_level='MEDIUM'): 0}
3
3
0
{Coffee(name='Brasil', price=7, acidity=5.09, roast_level='MEDIUM'): 0, Tea(name='Wild Cherry', price=5, type='Black'): 3, Coffee(name='Indonezia', price=1, acidity=5.05, roast_level='MEDIUM'): 2}
2
{Coffee(name='Brasil', price=7, acidity=5.09, roast_level='MEDIUM'): 0, Tea(name='Wild Cherry', price=5, type='Black'): 1, Coffee(name='Indonezia', price=1, acidity=5.05, roast_level='MEDIUM'): 2}
{Coffee(name='Brasil', price=7, acidity=5.09, roast_level='MEDIUM'): 0, Tea(name='Wild Cherry', price=5, type='Black'): 1, Coffee(name='Indonezia', price=1, acidity=5.05, roast_level='MEDIUM'): 4}
{Coffee(name='Brasil', price=7, acidity=5.09, roast_level='MEDIUM'): 0, Tea(name='Wild Cherry', price=5, type='Black'): 1, Coffee(name='Indonezia', price=1, acidity=5.05, roast_level='MEDIUM'): 4}
4
cons5 bought Coffee(name='Indonezia', price=1, acidity=5.05, roast_level='MEDIUM')
cons5 bought Coffee(name='Indonezia', price=1, acidity=5.05, roast_level='MEDIUM')
cons5 bought Coffee(name='Indonezia', price=1, acidity=5.05, roast_level='MEDIUM')
cons5 bought Coffee(name='Indonezia', price=1, acidity=5.05, roast_level='MEDIUM')
{Coffee(name='Brasil', price=7, acidity=5.09, roast_level='MEDIUM'): 0, Tea(name='Wild Cherry', price=5, type='Black'): 1, Coffee(name='Indonezia', price=1, acidity=5.05, roast_level='MEDIUM'): 4}
{Coffee(name='Brasil', price=7, acidity=5.09, roast_level='MEDIUM'): 0, Tea(name='Wild Cherry', price=5, type='Black'): 1, Coffee(name='Indonezia', price=1, acidity=5.05, roast_level='MEDIUM'): 2}
{Coffee(name='Brasil', price=7, acidity=5.09, roast_level='MEDIUM'): 0, Tea(name='Wild Cherry', price=5, type='Black'): 1, Coffee(name='Indonezia', price=1, acidity=5.05, roast_level='MEDIUM'): 1}
{Coffee(name='Brasil', price=7, acidity=5.09, roast_level='MEDIUM'): 0, Tea(name='Wild Cherry', price=5, type='Black'): 3, Coffee(name='Indonezia', price=1, acidity=5.05, roast_level='MEDIUM'): 1}
{Coffee(name='Brasil', price=7, acidity=5.09, roast_level='MEDIUM'): 0, Tea(name='Wild Cherry', price=5, type='Black'): 3, Coffee(name='Indonezia', price=1, acidity=5.05, roast_level='MEDIUM'): 1}
1
1
3
3
cons2 bought Coffee(name='Brasil', price=7, acidity=5.09, roast_level='MEDIUM')
cons2 bought Coffee(name='Brasil', price=7, acidity=5.09, roast_level='MEDIUM')
cons2 bought Coffee(name='Indonezia', price=1, acidity=5.05, roast_level='MEDIUM')
cons2 bought Coffee(name='Indonezia', price=1, acidity=5.05, roast_level='MEDIUM')
cons2 bought Tea(name='Wild Cherry', price=5, type='Black')
cons2 bought Tea(name='Wild Cherry', price=5, type='Black')
0
0
{Coffee(name='Brasil', price=7, acidity=5.09, roast_level='MEDIUM'): 0, Tea(name='Wild Cherry', price=5, type='Black'): 3, Coffee(name='Indonezia', price=1, acidity=5.05, roast_level='MEDIUM'): 1}
{Coffee(name='Brasil', price=7, acidity=5.09, roast_level='MEDIUM'): 4, Tea(name='Wild Cherry', price=5, type='Black'): 3, Coffee(name='Indonezia', price=1, acidity=5.05, roast_level='MEDIUM'): 1}
{Coffee(name='Brasil', price=7, acidity=5.09, roast_level='MEDIUM'): 4, Tea(name='Wild Cherry', price=5, type='Black'): 3, Coffee(name='Indonezia', price=1, acidity=5.05, roast_level='MEDIUM'): 0}
0
{Coffee(name='Brasil', price=7, acidity=5.09, roast_level='MEDIUM'): 4, Tea(name='Wild Cherry', price=5, type='Black'): 3, Coffee(name='Indonezia', price=1, acidity=5.05, roast_level='MEDIUM'): 2}
2
{Coffee(name='Brasil', price=7, acidity=5.09, roast_level='MEDIUM'): 4, Tea(name='Wild Cherry', price=5, type='Black'): 4, Coffee(name='Indonezia', price=1, acidity=5.05, roast_level='MEDIUM'): 2}
{Coffee(name='Brasil', price=7, acidity=5.09, roast_level='MEDIUM'): 4, Tea(name='Wild Cherry', price=5, type='Black'): 1, Coffee(name='Indonezia', price=1, acidity=5.05, roast_level='MEDIUM'): 2}
{Coffee(name='Brasil', price=7, acidity=5.09, roast_level='MEDIUM'): 4, Tea(name='Wild Cherry', price=5, type='Black'): 3, Coffee(name='Indonezia', price=1, acidity=5.05, roast_level='MEDIUM'): 2}
4
4
{Coffee(name='Brasil', price=7, acidity=5.09, roast_level='MEDIUM'): 4, Tea(name='Wild Cherry', price=5, type='Black'): 1, Coffee(name='Indonezia', price=1, acidity=5.05, roast_level='MEDIUM'): 2}
{Coffee(name='Brasil', price=7, acidity=5.09, roast_level='MEDIUM'): 4, Tea(name='Wild Cherry', price=5, type='Black'): 4, Coffee(name='Indonezia', price=1, acidity=5.05, roast_level='MEDIUM'): 2}
{Coffee(name='Brasil', price=7, acidity=5.09, roast_level='MEDIUM'): 4, Tea(name='Wild Cherry', price=5, type='Black'): 4, Coffee(name='Indonezia', price=1, acidity=5.05, roast_level='MEDIUM'): 1}
1
4
cons2 bought Coffee(name='Brasil', price=7, acidity=5.09, roast_level='MEDIUM')
cons2 bought Coffee(name='Brasil', price=7, acidity=5.09, roast_level='MEDIUM')
cons2 bought Coffee(name='Indonezia', price=1, acidity=5.05, roast_level='MEDIUM')
cons2 bought Coffee(name='Indonezia', price=1, acidity=5.05, roast_level='MEDIUM')
cons2 bought Tea(name='Wild Cherry', price=5, type='Black')
{Coffee(name='Brasil', price=7, acidity=5.09, roast_level='MEDIUM'): 4, Tea(name='Wild Cherry', price=5, type='Black'): 2, Coffee(name='Indonezia', price=1, acidity=5.05, roast_level='MEDIUM'): 1}
{Coffee(name='Brasil', price=7, acidity=5.09, roast_level='MEDIUM'): 0, Tea(name='Wild Cherry', price=5, type='Black'): 2, Coffee(name='Indonezia', price=1, acidity=5.05, roast_level='MEDIUM'): 1}
{Coffee(name='Brasil', price=7, acidity=5.09, roast_level='MEDIUM'): 0, Tea(name='Wild Cherry', price=5, type='Black'): 2, Coffee(name='Indonezia', price=1, acidity=5.05, roast_level='MEDIUM'): 4}
4
{Coffee(name='Brasil', price=7, acidity=5.09, roast_level='MEDIUM'): 0, Tea(name='Wild Cherry', price=5, type='Black'): 2, Coffee(name='Indonezia', price=1, acidity=5.05, roast_level='MEDIUM'): 4}
{Coffee(name='Brasil', price=7, acidity=5.09, roast_level='MEDIUM'): 0, Tea(name='Wild Cherry', price=5, type='Black'): 2, Coffee(name='Indonezia', price=1, acidity=5.05, roast_level='MEDIUM'): 4}
{Coffee(name='Brasil', price=7, acidity=5.09, roast_level='MEDIUM'): 0, Tea(name='Wild Cherry', price=5, type='Black'): 2, Coffee(name='Indonezia', price=1, acidity=5.05, roast_level='MEDIUM'): 4}
{Coffee(name='Brasil', price=7, acidity=5.09, roast_level='MEDIUM'): 0, Tea(name='Wild Cherry', price=5, type='Black'): 2, Coffee(name='Indonezia', price=1, acidity=5.05, roast_level='MEDIUM'): 3}
0
0
3
{Coffee(name='Brasil', price=7, acidity=5.09, roast_level='MEDIUM'): 0, Tea(name='Wild Cherry', price=5, type='Black'): 2, Coffee(name='Indonezia', price=1, acidity=5.05, roast_level='MEDIUM'): 0}
{Coffee(name='Brasil', price=7, acidity=5.09, roast_level='MEDIUM'): 0, Tea(name='Wild Cherry', price=5, type='Black'): 1, Coffee(name='Indonezia', price=1, acidity=5.05, roast_level='MEDIUM'): 0}
0
{Coffee(name='Brasil', price=7, acidity=5.09, roast_level='MEDIUM'): 0, Tea(name='Wild Cherry', price=5, type='Black'): 1, Coffee(name='Indonezia', price=1, acidity=5.05, roast_level='MEDIUM'): 4}
{Coffee(name='Brasil', price=7, acidity=5.09, roast_level='MEDIUM'): 0, Tea(name='Wild Cherry', price=5, type='Black'): 1, Coffee(name='Indonezia', price=1, acidity=5.05, roast_level='MEDIUM'): 2}
{Coffee(name='Brasil', price=7, acidity=5.09, roast_level='MEDIUM'): 0, Tea(name='Wild Cherry', price=5, type='Black'): 1, Coffee(name='Indonezia', price=1, acidity=5.05, roast_level='MEDIUM'): 2}
2
2
1
1
1
1
0
1
cons1 bought Coffee(name='Indonezia', price=1, acidity=5.05, roast_level='MEDIUM')
cons1 bought Coffee(name='Indonezia', price=1, acidity=5.05, roast_level='MEDIUM')
cons1 bought Coffee(name='Indonezia', price=1, acidity=5.05, roast_level='MEDIUM')
cons1 bought Coffee(name='Indonezia', price=1, acidity=5.05, roast_level='MEDIUM')
cons1 bought Coffee(name='Indonezia', price=1, acidity=5.05, roast_level='MEDIUM')
cons1 bought Tea(name='Wild Cherry', price=5, type='Black')
cons1 bought Tea(name='Wild Cherry', price=5, type='Black')
cons1 bought Tea(name='Wild Cherry', price=5, type='Black')
cons1 bought Coffee(name='Brasil', price=7, acidity=5.09, roast_level='MEDIUM')
{Coffee(name='Brasil', price=7, acidity=5.09, roast_level='MEDIUM'): 0, Tea(name='Wild Cherry', price=5, type='Black'): 1, Coffee(name='Indonezia', price=1, acidity=5.05, roast_level='MEDIUM'): 1}
{Coffee(name='Brasil', price=7, acidity=5.09, roast_level='MEDIUM'): 3, Tea(name='Wild Cherry', price=5, type='Black'): 1, Coffee(name='Indonezia', price=1, acidity=5.05, roast_level='MEDIUM'): 1}
1
{Coffee(name='Brasil', price=7, acidity=5.09, roast_level='MEDIUM'): 0, Tea(name='Wild Cherry', price=5, type='Black'): 1, Coffee(name='Indonezia', price=1, acidity=5.05, roast_level='MEDIUM'): 1}
{Coffee(name='Brasil', price=7, acidity=5.09, roast_level='MEDIUM'): 0, Tea(name='Wild Cherry', price=5, type='Black'): 1, Coffee(name='Indonezia', price=1, acidity=5.05, roast_level='MEDIUM'): 2}
{Coffee(name='Brasil', price=7, acidity=5.09, roast_level='MEDIUM'): 4, Tea(name='Wild Cherry', price=5, type='Black'): 1, Coffee(name='Indonezia', price=1, acidity=5.05, roast_level='MEDIUM'): 2}
{Coffee(name='Brasil', price=7, acidity=5.09, roast_level='MEDIUM'): 0, Tea(name='Wild Cherry', price=5, type='Black'): 1, Coffee(name='Indonezia', price=1, acidity=5.05, roast_level='MEDIUM'): 2}
{Coffee(name='Brasil', price=7, acidity=5.09, roast_level='MEDIUM'): 0, Tea(name='Wild Cherry', price=5, type='Black'): 4, Coffee(name='Indonezia', price=1, acidity=5.05, roast_level='MEDIUM'): 2}
{Coffee(name='Brasil', price=7, acidity=5.09, roast_level='MEDIUM'): 0, Tea(name='Wild Cherry', price=5, type='Black'): 4, Coffee(name='Indonezia', price=1, acidity=5.05, roast_level='MEDIUM'): 2}
{Coffee(name='Brasil', price=7, acidity=5.09, roast_level='MEDIUM'): 0, Tea(name='Wild Cherry', price=5, type='Black'): 3, Coffee(name='Indonezia', price=1, acidity=5.05, roast_level='MEDIUM'): 2}
{Coffee(name='Brasil', price=7, acidity=5.09, roast_level='MEDIUM'): 0, Tea(name='Wild Cherry', price=5, type='Black'): 1, Coffee(name='Indonezia', price=1, acidity=5.05, roast_level='MEDIUM'): 2}
{Coffee(name='Brasil', price=7, acidity=5.09, roast_level='MEDIUM'): 0, Tea(name='Wild Cherry', price=5, type='Black'): 1, Coffee(name='Indonezia', price=1, acidity=5.05, roast_level='MEDIUM'): 0}
{Coffee(name='Brasil', price=7, acidity=5.09, roast_level='MEDIUM'): 0, Tea(name='Wild Cherry', price=5, type='Black'): 4, Coffee(name='Indonezia', price=1, acidity=5.05, roast_level='MEDIUM'): 0}
{Coffee(name='Brasil', price=7, acidity=5.09, roast_level='MEDIUM'): 0, Tea(name='Wild Cherry', price=5, type='Black'): 4, Coffee(name='Indonezia', price=1, acidity=5.05, roast_level='MEDIUM'): 2}
{Coffee(name='Brasil', price=7, acidity=5.09, roast_level='MEDIUM'): 0, Tea(name='Wild Cherry', price=5, type='Black'): 1, Coffee(name='Indonezia', price=1, acidity=5.05, roast_level='MEDIUM'): 2}
2
2
2
2
2
2
cons3 bought Tea(name='Wild Cherry', price=5, type='Black')
cons3 bought Tea(name='Wild Cherry', price=5, type='Black')
cons3 bought Coffee(name='Brasil', price=7, acidity=5.09, roast_level='MEDIUM')
cons3 bought Coffee(name='Brasil', price=7, acidity=5.09, roast_level='MEDIUM')
cons3 bought Coffee(name='Brasil', price=7, acidity=5.09, roast_level='MEDIUM')
cons3 bought Coffee(name='Brasil', price=7, acidity=5.09, roast_level='MEDIUM')
cons3 bought Coffee(name='Brasil', price=7, acidity=5.09, roast_level='MEDIUM')
2
2
2
2
0
0
0
0
0
1
1
1
cons3 bought Coffee(name='Indonezia', price=1, acidity=5.05, roast_level='MEDIUM')
cons3 bought Coffee(name='Indonezia', price=1, acidity=5.05, roast_level='MEDIUM')
cons3 bought Coffee(name='Indonezia', price=1, acidity=5.05, roast_level='MEDIUM')
cons3 bought Coffee(name='Indonezia', price=1, acidity=5.05, roast_level='MEDIUM')
cons3 bought Coffee(name='Brasil', price=7, acidity=5.09, roast_level='MEDIUM')
cons3 bought Coffee(name='Brasil', price=7, acidity=5.09, roast_level='MEDIUM')
cons3 bought Coffee(name='Brasil', price=7, acidity=5.09, roast_level='MEDIUM')
cons3 bought Coffee(name='Brasil', price=7, acidity=5.09, roast_level='MEDIUM')
cons3 bought Coffee(name='Brasil', price=7, acidity=5.09, roast_level='MEDIUM')
cons3 bought Tea(name='Wild Cherry', price=5, type='Black')
cons3 bought Tea(name='Wild Cherry', price=5, type='Black')
cons3 bought Tea(name='Wild Cherry', price=5, type='Black')
1
1
1
cons3 bought Tea(name='Wild Cherry', price=5, type='Black')
cons3 bought Tea(name='Wild Cherry', price=5, type='Black')
cons3 bought Tea(name='Wild Cherry', price=5, type='Black')
